
> user-management@0.0.0 test
> vitest 2


[1m[46m RUN [49m[22m [36mv3.1.3 [39m[90mC:/Dev/Projects/Products/Apps/ZDX-UM/user-management-reorganized[39m

 [32m✓[39m app/api/2fa/webauthn/register/__tests__/route.test.ts[2m > [22mWebAuthn register API[2m > [22mreturns registration options[32m 22[2mms[22m[39m
 [32m✓[39m app/api/2fa/webauthn/register/__tests__/route.test.ts[2m > [22mWebAuthn register API[2m > [22mverifies registration[32m 5[2mms[22m[39m
 [32m✓[39m app/api/2fa/webauthn/verify/__tests__/route.test.ts[2m > [22mWebAuthn verify API[2m > [22mreturns authentication options[32m 31[2mms[22m[39m
 [32m✓[39m app/api/2fa/webauthn/verify/__tests__/route.test.ts[2m > [22mWebAuthn verify API[2m > [22mverifies authentication[32m 7[2mms[22m[39m
 [32m✓[39m src/lib/api/__tests__/route-helpers-v2.test.ts[2m > [22mcreateApiHandlerWithServices[2m > [22mBasic Handler Creation[2m > [22mshould create a working handler with injected services[32m 25[2mms[22m[39m
 [32m✓[39m src/lib/api/__tests__/route-helpers-v2.test.ts[2m > [22mcreateApiHandlerWithServices[2m > [22mBasic Handler Creation[2m > [22mshould validate request data and return validation errors[32m 15[2mms[22m[39m
 [32m✓[39m src/lib/api/__tests__/route-helpers-v2.test.ts[2m > [22mcreateApiHandlerWithServices[2m > [22mBasic Handler Creation[2m > [22mshould handle handler errors gracefully[32m 8[2mms[22m[39m
 [32m✓[39m src/lib/api/__tests__/route-helpers-v2.test.ts[2m > [22mcreateApiHandlerWithServices[2m > [22mService Injection[2m > [22mshould inject services into handler correctly[32m 4[2mms[22m[39m
 [32m✓[39m src/lib/api/__tests__/route-helpers-v2.test.ts[2m > [22mRouteHandlerFactory[2m > [22mHandler Creation Methods[2m > [22mshould create authenticated handlers[32m 6[2mms[22m[39m
 [32m✓[39m src/lib/api/__tests__/route-helpers-v2.test.ts[2m > [22mRouteHandlerFactory[2m > [22mHandler Creation Methods[2m > [22mshould create public handlers[32m 5[2mms[22m[39m
 [32m✓[39m src/lib/api/__tests__/route-helpers-v2.test.ts[2m > [22mTesting Utilities[2m > [22mcreateTestRouteHandlerFactory[2m > [22mshould create a factory with minimal services for testing[32m 1[2mms[22m[39m
 [32m✓[39m src/lib/api/__tests__/route-helpers-v2.test.ts[2m > [22mTesting Utilities[2m > [22mcreateTestRouteHandlerFactory[2m > [22mshould allow service overrides for testing[32m 1[2mms[22m[39m
 [32m✓[39m src/lib/api/__tests__/route-helpers-v2.test.ts[2m > [22mIntegration - Complete Request Flow[2m > [22mshould handle a complete registration request[32m 9[2mms[22m[39m

[2m Test Files [22m [1m[32m3 passed[39m[22m[90m (3)[39m
[2m      Tests [22m [1m[32m13 passed[39m[22m[90m (13)[39m
[2m   Start at [22m 10:39:35
[2m   Duration [22m 6.15s[2m (transform 701ms, setup 4.82s, collect 1.29s, tests 154ms, environment 9.09s, prepare 1.01s)[22m

JSON report written to C:/Dev/Projects/Products/Apps/ZDX-UM/user-management-reorganized/test-results.json
